// Jest Snapshot v1, https://goo.gl/fbAQLP

exports[`renders correctly with minimal props 1`] = `
<Fragment>
  <Component
    editMenu={[Function]}
    elementTypeClassName="content-element"
    onClick={[Function]}
    referenceElement={FlowElementReference { "id": "element-id" }}
  >
    text
  </Component>
  <HorizontalStroke
    optional={true}
  />
</Fragment>
`;
