// Jest Snapshot v1, https://goo.gl/fbAQLP

exports[`renders correctly with minimal props 1`] = `
<Fragment>
  <div
    className="stroke-horizontal arrow"
  />
  <div
    className="flow-element content-element selected"
    onClick={[Function]}
  >
    text
  </div>
  <div
    className="edit-menu-placeholder"
  />
  <HorizontalStroke
    optional={true}
  />
</Fragment>
`;
