// Jest Snapshot v1, https://goo.gl/fbAQLP

exports[`renders correctly with minimal/default props 1`] = `
<HorizontalStroke
  onSelect={[Function]}
  referenceElement={DivergingGatewayBranch { "followingElement": undefined }}
>
  <div
    className="stroke-vertical bottom-half"
  />
  <div
    className="stroke-horizontal"
  >
    <div
      className="top-label"
      onClick={[Function]}
    >
      <div>
        label
      </div>
    </div>
    <div
      className="bottom-spacing"
    >
      <div
        className="clickable-spacing"
        onClick={[Function]}
      />
    </div>
  </div>
</HorizontalStroke>
`;
