// Jest Snapshot v1, https://goo.gl/fbAQLP

exports[`renders correctly with minimal props 1`] = `
<Fragment>
  <Component
    editMenu={[Function]}
    elementTypeClassName="step-element"
    onClick={[Function]}
    referenceElement={StepNode { "id": "element-id" }}
  >
    text
  </Component>
  <div
    className="stroke-horizontal optional"
  />
</Fragment>
`;
