// Jest Snapshot v1, https://goo.gl/fbAQLP

exports[`renders correctly without props 1`] = `
<Fragment>
  <div
    className="arrow"
  />
  <div
    className="flow-element gateway-element"
  />
  <HorizontalStroke
    incomingConnection="single"
    outgoingConnection="single"
  >
    text
  </HorizontalStroke>
</Fragment>
`;
